// Jest Snapshot v1, https://goo.gl/fbAQLP

exports[`renders Logo correctly 1`] = `
<h1
  aria-label="Hacker News"
  class="logo_f1rhdeyj"
>
  HN
</h1>
`;
